mode: set
github.com/arielsrv/httpclient/body.go:27.25,27.60 1 1
github.com/arielsrv/httpclient/body.go:30.24,30.58 1 1
github.com/arielsrv/httpclient/body.go:37.2,38.16 2 1
github.com/arielsrv/httpclient/body.go:39.3,40.1 1 1
github.com/arielsrv/httpclient/body.go:41.2,44.1 1 1
github.com/arielsrv/httpclient/body.go:49.29,49.88 1 1
github.com/arielsrv/httpclient/body.go:53.28,53.86 1 1
github.com/arielsrv/httpclient/body.go:57.29,57.88 1 1
github.com/arielsrv/httpclient/body.go:61.33,61.87 1 1
github.com/arielsrv/httpclient/body.go:65.32,65.85 1 1
github.com/arielsrv/httpclient/body.go:70.35,70.91 1 1
github.com/arielsrv/httpclient/body.go:75.2,76.14 2 1
github.com/arielsrv/httpclient/body.go:77.3,78.1 1 1
github.com/arielsrv/httpclient/body.go:80.2,81.27 2 1
github.com/arielsrv/httpclient/body.go:82.3,83.1 1 1
github.com/arielsrv/httpclient/body.go:85.2,85.47 1 1
github.com/arielsrv/httpclient/body.go:91.2,91.28 1 1
github.com/arielsrv/httpclient/body.go:92.3,92.47 1 1
github.com/arielsrv/httpclient/body.go:93.4,94.1 1 1
github.com/arielsrv/httpclient/body.go:96.2,96.11 1 1
github.com/arielsrv/httpclient/body.go:100.2,102.1 2 1
github.com/arielsrv/httpclient/codec.go:32.56,32.73 1 1
github.com/arielsrv/httpclient/codec.go:33.56,33.80 1 1
github.com/arielsrv/httpclient/codec.go:34.56,34.88 1 1
github.com/arielsrv/httpclient/codec.go:38.55,38.71 1 1
github.com/arielsrv/httpclient/codec.go:39.55,39.78 1 1
github.com/arielsrv/httpclient/codec.go:40.55,40.86 1 1
github.com/arielsrv/httpclient/codec.go:44.41,44.60 1 1
github.com/arielsrv/httpclient/codec.go:46.2,47.9 2 1
github.com/arielsrv/httpclient/codec.go:48.3,49.1 1 1
github.com/arielsrv/httpclient/codec.go:50.2,50.15 1 1
github.com/arielsrv/httpclient/codec.go:54.2,55.9 2 1
github.com/arielsrv/httpclient/codec.go:56.3,57.1 1 1
github.com/arielsrv/httpclient/codec.go:58.2,59.12 2 1
github.com/arielsrv/httpclient/codec.go:80.2,80.28 1 1
github.com/arielsrv/httpclient/codec.go:81.3,81.50 1 1
github.com/arielsrv/httpclient/codec.go:82.4,83.1 1 1
github.com/arielsrv/httpclient/codec.go:85.2,85.12 1 1
github.com/arielsrv/httpclient/codec.go:90.2,90.18 1 1
github.com/arielsrv/httpclient/codec.go:91.3,92.1 1 1
github.com/arielsrv/httpclient/codec.go:93.2,94.16 2 1
github.com/arielsrv/httpclient/codec.go:95.3,96.1 1 1
github.com/arielsrv/httpclient/codec.go:97.2,97.43 1 1
github.com/arielsrv/httpclient/codec.go:98.3,99.1 1 1
github.com/arielsrv/httpclient/codec.go:102.2,102.9 1 1
github.com/arielsrv/httpclient/codec.go:104.3,104.21 1 1
github.com/arielsrv/httpclient/codec.go:106.3,106.20 1 1
github.com/arielsrv/httpclient/codec.go:108.2,108.21 1 1
github.com/arielsrv/httpclient/connection_pool.go:29.2,30.1 1 1
github.com/arielsrv/httpclient/connection_pool.go:33.2,40.1 1 1
github.com/arielsrv/httpclient/future.go:16.2,18.1 2 1
github.com/arielsrv/httpclient/future.go:22.2,23.12 2 1
github.com/arielsrv/httpclient/future.go:24.3,26.1 2 1
github.com/arielsrv/httpclient/future.go:27.2,27.27 1 1
github.com/arielsrv/httpclient/http_client.go:24.2,24.29 1 1
github.com/arielsrv/httpclient/http_client.go:25.3,26.1 1 1
github.com/arielsrv/httpclient/http_client.go:31.2,31.29 1 1
github.com/arielsrv/httpclient/http_client.go:32.3,33.1 1 1
github.com/arielsrv/httpclient/http_client.go:39.2,39.29 1 1
github.com/arielsrv/httpclient/http_client.go:40.3,41.1 1 1
github.com/arielsrv/httpclient/http_client.go:45.2,50.1 2 1
github.com/arielsrv/httpclient/http_client.go:51.2,51.39 2 1
github.com/arielsrv/httpclient/http_client.go:52.3,53.1 1 1
github.com/arielsrv/httpclient/http_client.go:54.2,54.19 1 1
github.com/arielsrv/httpclient/http_client.go:58.2,59.1 1 1
github.com/arielsrv/httpclient/http_client.go:64.2,65.1 1 1
github.com/arielsrv/httpclient/http_client.go:69.2,69.52 1 1
github.com/arielsrv/httpclient/http_client.go:69.54,69.95 1 1
github.com/arielsrv/httpclient/http_client.go:80.2,81.1 1 1
github.com/arielsrv/httpclient/http_client.go:91.2,92.1 1 1
github.com/arielsrv/httpclient/http_client.go:102.2,103.1 1 1
github.com/arielsrv/httpclient/http_client.go:107.2,108.1 1 1
github.com/arielsrv/httpclient/http_client.go:113.2,113.47 1 1
github.com/arielsrv/httpclient/http_client.go:113.49,113.88 1 1
github.com/arielsrv/httpclient/http_client.go:118.2,118.47 1 1
github.com/arielsrv/httpclient/http_client.go:118.49,118.98 1 1
github.com/arielsrv/httpclient/http_client.go:123.2,123.47 1 1
github.com/arielsrv/httpclient/http_client.go:123.49,123.97 1 1
github.com/arielsrv/httpclient/http_client.go:133.2,133.47 1 1
github.com/arielsrv/httpclient/http_client.go:133.49,133.99 1 1
github.com/arielsrv/httpclient/http_client.go:138.2,138.47 1 1
github.com/arielsrv/httpclient/http_client.go:138.49,138.91 1 1
github.com/arielsrv/httpclient/http_client.go:148.2,148.21 1 1
github.com/arielsrv/httpclient/http_client.go:149.3,150.1 1 1
github.com/arielsrv/httpclient/http_client.go:152.2,153.22 2 1
github.com/arielsrv/httpclient/http_client.go:154.3,155.1 1 1
github.com/arielsrv/httpclient/http_client.go:157.2,158.16 2 1
github.com/arielsrv/httpclient/http_client.go:159.3,160.1 1 1
github.com/arielsrv/httpclient/http_client.go:162.2,162.28 1 1
github.com/arielsrv/httpclient/http_client.go:163.3,163.30 1 1
github.com/arielsrv/httpclient/http_client.go:164.4,164.33 1 1
github.com/arielsrv/httpclient/http_client.go:165.5,166.1 1 1
github.com/arielsrv/httpclient/http_client.go:170.2,170.72 1 1
github.com/arielsrv/httpclient/http_client.go:171.3,172.1 1 1
github.com/arielsrv/httpclient/http_client.go:174.2,175.18 2 1
github.com/arielsrv/httpclient/http_client.go:176.3,177.1 1 1
github.com/arielsrv/httpclient/http_client.go:179.2,181.1 3 1
github.com/arielsrv/httpclient/http_client.go:182.2,182.20 3 1
github.com/arielsrv/httpclient/http_client.go:183.3,184.1 1 1
github.com/arielsrv/httpclient/http_client.go:185.2,185.21 1 1
github.com/arielsrv/httpclient/http_client.go:186.3,187.1 1 1
github.com/arielsrv/httpclient/http_client.go:193.2,194.18 2 1
github.com/arielsrv/httpclient/http_client.go:195.3,196.1 1 1
github.com/arielsrv/httpclient/http_client.go:198.2,203.1 2 1
github.com/arielsrv/httpclient/http_client.go:205.2,205.46 2 1
github.com/arielsrv/httpclient/http_client.go:206.3,206.84 1 1
github.com/arielsrv/httpclient/http_client.go:207.4,208.1 1 1
github.com/arielsrv/httpclient/http_client.go:211.2,211.20 1 1
github.com/arielsrv/httpclient/http_response.go:17.2,18.1 1 1
github.com/arielsrv/httpclient/http_response.go:21.2,22.1 1 1
github.com/arielsrv/httpclient/http_response.go:25.2,26.1 1 1
github.com/arielsrv/httpclient/http_response.go:29.2,30.1 1 1
github.com/arielsrv/httpclient/http_response.go:33.2,34.1 1 1
github.com/arielsrv/httpclient/http_response.go:41.2,42.22 2 1
github.com/arielsrv/httpclient/http_response.go:43.3,44.1 1 1
github.com/arielsrv/httpclient/http_response.go:45.2,46.18 2 1
github.com/arielsrv/httpclient/http_response.go:47.3,48.1 1 1
github.com/arielsrv/httpclient/http_response.go:49.2,49.54 1 1
github.com/arielsrv/httpclient/http_response.go:50.3,51.1 1 1
github.com/arielsrv/httpclient/http_response.go:52.2,52.17 1 1
github.com/arielsrv/httpclient/mock_Codec.go:17.2,19.1 3 0
github.com/arielsrv/httpclient/mock_Codec.go:20.2,20.19 3 0
github.com/arielsrv/httpclient/mock_Codec.go:20.21,20.49 1 0
github.com/arielsrv/httpclient/mock_Codec.go:22.2,22.13 1 0
github.com/arielsrv/httpclient/mock_Codec.go:35.2,36.1 1 0
github.com/arielsrv/httpclient/mock_Codec.go:40.2,41.1 2 0
github.com/arielsrv/httpclient/mock_Codec.go:42.2,42.19 2 0
github.com/arielsrv/httpclient/mock_Codec.go:43.3,43.53 1 0
github.com/arielsrv/httpclient/mock_Codec.go:46.2,47.54 2 0
github.com/arielsrv/httpclient/mock_Codec.go:48.3,49.1 1 0
github.com/arielsrv/httpclient/mock_Codec.go:50.3,51.1 1 0
github.com/arielsrv/httpclient/mock_Codec.go:52.2,52.11 1 0
github.com/arielsrv/httpclient/mock_Codec.go:62.2,63.1 1 0
github.com/arielsrv/httpclient/mock_Codec.go:66.2,66.40 1 0
github.com/arielsrv/httpclient/mock_Codec.go:67.3,68.1 1 0
github.com/arielsrv/httpclient/mock_Codec.go:69.2,69.11 1 0
github.com/arielsrv/httpclient/mock_Codec.go:73.2,75.1 2 0
github.com/arielsrv/httpclient/mock_Codec.go:78.2,80.1 2 0
github.com/arielsrv/httpclient/mock_Codec.go:84.2,85.1 2 0
github.com/arielsrv/httpclient/mock_Codec.go:86.2,86.19 2 0
github.com/arielsrv/httpclient/mock_Codec.go:87.3,87.49 1 0
github.com/arielsrv/httpclient/mock_Codec.go:90.2,92.66 3 0
github.com/arielsrv/httpclient/mock_Codec.go:93.3,94.1 1 0
github.com/arielsrv/httpclient/mock_Codec.go:95.2,95.57 1 0
github.com/arielsrv/httpclient/mock_Codec.go:96.3,97.1 1 0
github.com/arielsrv/httpclient/mock_Codec.go:98.3,98.24 1 0
github.com/arielsrv/httpclient/mock_Codec.go:99.4,100.1 1 0
github.com/arielsrv/httpclient/mock_Codec.go:102.2,102.56 1 0
github.com/arielsrv/httpclient/mock_Codec.go:103.3,104.1 1 0
github.com/arielsrv/httpclient/mock_Codec.go:105.3,106.1 1 0
github.com/arielsrv/httpclient/mock_Codec.go:107.2,107.15 1 0
github.com/arielsrv/httpclient/mock_Codec.go:118.2,119.1 1 0
github.com/arielsrv/httpclient/mock_Codec.go:122.2,122.40 1 0
github.com/arielsrv/httpclient/mock_Codec.go:123.3,124.21 2 0
github.com/arielsrv/httpclient/mock_Codec.go:125.4,126.1 1 0
github.com/arielsrv/httpclient/mock_Codec.go:127.3,129.4 1 0
github.com/arielsrv/httpclient/mock_Codec.go:131.2,131.11 1 0
github.com/arielsrv/httpclient/mock_Codec.go:135.2,137.1 2 0
github.com/arielsrv/httpclient/mock_Codec.go:140.2,142.1 2 0
github.com/arielsrv/httpclient/mock_Codec.go:146.2,147.1 2 0
github.com/arielsrv/httpclient/mock_Codec.go:148.2,148.19 2 0
github.com/arielsrv/httpclient/mock_Codec.go:149.3,149.51 1 0
github.com/arielsrv/httpclient/mock_Codec.go:152.2,153.64 2 0
github.com/arielsrv/httpclient/mock_Codec.go:154.3,155.1 1 0
github.com/arielsrv/httpclient/mock_Codec.go:156.3,157.1 1 0
github.com/arielsrv/httpclient/mock_Codec.go:158.2,158.11 1 0
github.com/arielsrv/httpclient/mock_Codec.go:170.2,171.1 1 0
github.com/arielsrv/httpclient/mock_Codec.go:174.2,174.40 1 0
github.com/arielsrv/httpclient/mock_Codec.go:175.3,176.21 2 0
github.com/arielsrv/httpclient/mock_Codec.go:177.4,178.1 1 0
github.com/arielsrv/httpclient/mock_Codec.go:179.3,180.21 2 0
github.com/arielsrv/httpclient/mock_Codec.go:181.4,182.1 1 0
github.com/arielsrv/httpclient/mock_Codec.go:183.3,186.4 1 0
github.com/arielsrv/httpclient/mock_Codec.go:188.2,188.11 1 0
github.com/arielsrv/httpclient/mock_Codec.go:192.2,194.1 2 0
github.com/arielsrv/httpclient/mock_Codec.go:197.2,199.1 2 0
